eeschema (2011-04-29 BZR 2986)-stable  >> Creation date: 30. 12. 2011 9:54:51

#Cmp ( order = Reference )
| C1         1u          
| C2         100n        
| C3         100n        
| C4         1u          
| C5         33p         
| C6         33p         
| C7         1u          
| C8         100n        
| C9         1u          
| C10        100n        
| C11        100n        
| C12        10n         
| C13        100u/100V   
| C14        100u/100V   
| C15        10n         
| C16        1n          
| C17        100u/100V   
| C18        100u/100V   
| C19        10n         
| C20        10n         
| C21        100n        
| C22        100n        
| C23        100n        
| C24        100n        
| C25        100n        
| C?         100n        
| CON1       AVR-ISP-6   
| D1         ZENER       
| D2         ZENER       
| D3         DIODE       
| D4         DIODE       
| D5         DIODESCH    
| D6         DIODESCH    
| D7         DIODE       
| D8         DIODE       
| D9         DIODESCH    
| D10        DIODE       
| D11        DIODESCH    
| FB1        FILTER      
| FB2        FILTER      
| FB3        FILTER      
| FB4        FILTER      
| FB5        FILTER      
| IC1        ATMEGA88PA  
| K1         CONN_3      
| L2         22u         
| P1         CONN_2      
| P2         CONN_1      
| P3         CONN_2      
| P4         CONN_1      
| P5         CONN_1      
| P6         CONN_1      
| P7         CONN_5X2    
| P8         CONN_2      
| P9         CONN_3X2    
| Q1         BD682       
| Q2         BD681       
| Q3         IRF520      
| Q4         IRF520      
| Q5         IRF520      
| Q6         IRF520      
| Q16        IRF520      
| Q18        IRF520      
| Q20        IRF520      
| Q22        IRF520      
| R1         10k         
| R2         5k1         
| R3         0           
| R4         5k1         
| R5         100k        
| R6         100k        
| R7         100k        
| R8         5.1         
| R9         5.1         
| R10        5.1         
| R11        5.1         
| R12        5.1         
| R13        5.1         
| R24        5.1         
| R26        5.1         
| R35        R           
| R36        R           
| SW1        DIPS_04     
| U1         75LBC176    
| U2         75LBC176    
| U3         LM555N      
| U4         LM5109      
| U5         LM5109      
| U6         LM5109      
| U7         LM5109      
| X1         CRYSTAL     
#End Cmp

#Cmp ( order = Value )
| 0            R3        
| 100k         R5        
| 100k         R6        
| 100k         R7        
| 100n         C2        
| 100n         C3        
| 100n         C8        
| 100n         C10       
| 100n         C11       
| 100n         C21       
| 100n         C22       
| 100n         C23       
| 100n         C24       
| 100n         C25       
| 100n         C?        
| 100u/100V    C13       
| 100u/100V    C14       
| 100u/100V    C17       
| 100u/100V    C18       
| 10k          R1        
| 10n          C12       
| 10n          C15       
| 10n          C19       
| 10n          C20       
| 1n           C16       
| 1u           C1        
| 1u           C4        
| 1u           C7        
| 1u           C9        
| 22u          L2        
| 33p          C5        
| 33p          C6        
| 5.1          R8        
| 5.1          R9        
| 5.1          R10       
| 5.1          R11       
| 5.1          R12       
| 5.1          R13       
| 5.1          R24       
| 5.1          R26       
| 5k1          R2        
| 5k1          R4        
| 75LBC176     U1        
| 75LBC176     U2        
| ATMEGA88PA   IC1       
| AVR-ISP-6    CON1      
| BD681        Q2        
| BD682        Q1        
| CONN_1       P2        
| CONN_1       P4        
| CONN_1       P5        
| CONN_1       P6        
| CONN_2       P1        
| CONN_2       P3        
| CONN_2       P8        
| CONN_3       K1        
| CONN_3X2     P9        
| CONN_5X2     P7        
| CRYSTAL      X1        
| DIODE        D3        
| DIODE        D4        
| DIODE        D7        
| DIODE        D8        
| DIODE        D10       
| DIODESCH     D5        
| DIODESCH     D6        
| DIODESCH     D9        
| DIODESCH     D11       
| DIPS_04      SW1       
| FILTER       FB1       
| FILTER       FB2       
| FILTER       FB3       
| FILTER       FB4       
| FILTER       FB5       
| IRF520       Q3        
| IRF520       Q4        
| IRF520       Q5        
| IRF520       Q6        
| IRF520       Q16       
| IRF520       Q18       
| IRF520       Q20       
| IRF520       Q22       
| LM5109       U4        
| LM5109       U5        
| LM5109       U6        
| LM5109       U7        
| LM555N       U3        
| R            R35       
| R            R36       
| ZENER        D1        
| ZENER        D2        
#End Cmp

#End List
