eeschema (2011-04-29 BZR 2986)-stable  >> Creation date: 5. 12. 2011 21:46:59

#Cmp ( order = Value )
| 0            R3        
| 100k         R5        
| 100k         R6        
| 100n         C2        
| 100n         C3        
| 100n         C8        
| 100u/100V    C13       
| 100u/100V    C14       
| 100u/100V    C17       
| 100u/100V    C18       
| 10k          R19       
| 10k          R20       
| 10k          R21       
| 10k          R22       
| 1k           R23       
| 1k           R25       
| 1k           R27       
| 1k           R29       
| 1k           R31       
| 1k           R32       
| 1k           R33       
| 1k           R34       
| 1u           C1        
| 1u           C4        
| 1u           C7        
| 22           R15       
| 22           R16       
| 22           R17       
| 22           R18       
| 22           R24       
| 22           R26       
| 22           R28       
| 22           R30       
| 22u          L1        
| 22u          L2        
| 270          R7        
| 270          R8        
| 270          R9        
| 270          R10       
| 33p          C5        
| 33p          C6        
| 400          R11       
| 400          R12       
| 400          R13       
| 400          R14       
| ACPL227      IC3       
| ACPL227      IC4       
| ATMEGA88PA   IC1       
| AVR-ISP-6    CON1      
| BD681        Q2        
| BD682        Q1        
| C            C9        
| C            C10       
| C            C11       
| C            C12       
| CONN_1       P2        
| CONN_1       P4        
| CONN_1       P5        
| CONN_1       P6        
| CONN_2       P1        
| CONN_2       P3        
| CONN_3       K1        
| CRYSTAL      X1        
| DIPS_04      SW1       
| FILTER       FB1       
| IRF520       Q16       
| IRF520       Q18       
| IRF520       Q20       
| IRF520       Q22       
| IRF9520      Q15       
| IRF9520      Q17       
| IRF9520      Q19       
| IRF9520      Q21       
| NPN          Q3        
| NPN          Q4        
| NPN          Q5        
| NPN          Q6        
| NPN          Q7        
| NPN          Q8        
| NPN          Q9        
| NPN          Q10       
| NPN          Q11       
| NPN          Q12       
| NPN          Q13       
| NPN          Q14       
| R            R35       
| R            R36       
| ZENER        D1        
| ZENER        D2        
#End Cmp

#End List
